// Bun Snapshot v1, https://bun.sh/docs/test/snapshots

exports[`auditEffects detects bare promises and direct effect imports 1`] = `
[
  {
    "file": "test/fixtures/domain/impure-domain.ts",
    "message": "doSomething: bare Promise detected — wrap in Effect",
    "severity": "error",
    "type": "bare-promise",
  },
  {
    "file": "test/fixtures/domain/impure-domain.ts",
    "message": "doSomething: domain imports effect directly — pass as arg",
    "severity": "error",
    "type": "no-tag-service",
  },
]
`;

exports[`audit-effects detects bare promises and direct effect imports 1`] = `
[
  {
    "file": "test/fixtures/domain/impure-domain.ts",
    "message": "doSomething: bare Promise detected — wrap in Effect",
    "severity": "error",
    "type": "bare-promise",
  },
  {
    "file": "test/fixtures/domain/impure-domain.ts",
    "message": "doSomething: domain imports effect directly — pass as arg",
    "severity": "error",
    "type": "no-tag-service",
  },
]
`;
